// Vitest Snapshot v1

exports[`parseTeamsPage > correctly parses the body 1`] = `
[
  "5ManMidas",
  "5RATFORCESTAFF",
  "Arkosh Gaming",
  "Evil Geniuses",
  "felt",
  "KBU.US",
  "nouns",
  "simply TOOBASED",
  "Soniqs",
  "Team DogChamp",
  "The Cut",
  "TSM",
  "Wildcard Gaming",
  "Balrogs",
  "beastcoast",
  "Dreamers Esports",
  "Gorillaz-Pride",
  "Hokori",
  "Infamous",
  "Infinity",
  "Lava",
  "Mad Kings",
  "NoPing e-sports",
  "Omega Gaming",
  "SG esports",
  "Tempest",
  "Thunder Awaken",
  "Vicious Gaming",
  "Wolf Team",
  "Alliance",
  "Brame",
  "Entity",
  "Gaimin Gladiators",
  "goonsquad",
  "Into The Breach",
  "IVY",
  "Nigma Galaxy",
  "OG",
  "Team Bald Reborn",
  "Team Liquid",
  "Team Secret",
  "Tundra Esports",
  "BetBoom Team",
  "cybercats",
  "HellRaisers",
  "HYDRA",
  "jfshfh178",
  "Mind Games",
  "Natus Vincere",
  "Nemiga Gaming",
  "One Move",
  "Outsiders",
  "Pari Parni",
  "Pavaga Gaming",
  "PuckChamp",
  "Team Unique",
  "Virtus.pro",
  "Aster.Aries",
  "CDEC Gaming",
  "Dandelion Esport Club",
  "EHOME",
  "iG Vitality",
  "Invictus Gaming",
  "LBZS",
  "PSG.LGD",
  "Royal Never Give Up",
  "ShenZhen",
  "Sparking Arrow Gaming",
  "Team Aster",
  "Team MagMa",
  "Vici Gaming",
  "Xtreme Gaming",
  "Ybb Gaming",
  "Army Geniuses",
  "BOOM Esports",
  "Execration",
  "Fnatic",
  "Lilgun",
  "Neon Esports",
  "Nigma Galaxy SEA",
  "Polaris Esports",
  "RSG",
  "T1",
  "Talon Esports",
  "Team SMG",
  "TNC Predator",
  "Yangon Galacticos",
]
`;
