// Vitest Snapshot v1, https://vitest.dev/guide/snapshot.html

exports[`parseTeamsPage > correctly parses the body 1`] = `
[
  {
    "name": "5ManMidas",
    "url": "https://liquipedia.net/dota2/5ManMidas",
  },
  {
    "name": "5RATFORCESTAFF",
    "url": "https://liquipedia.net/dota2/5RATFORCESTAFF",
  },
  {
    "name": "Alliance",
    "url": "https://liquipedia.net/dota2/Alliance",
  },
  {
    "name": "Arkosh Gaming",
    "url": "https://liquipedia.net/dota2/Arkosh_Gaming",
  },
  {
    "name": "Army Geniuses",
    "url": "https://liquipedia.net/dota2/Army_Geniuses",
  },
  {
    "name": "Aster.Aries",
    "url": "https://liquipedia.net/dota2/Aster.Aries",
  },
  {
    "name": "Balrogs",
    "url": "https://liquipedia.net/dota2/Balrogs",
  },
  {
    "name": "beastcoast",
    "url": "https://liquipedia.net/dota2/Beastcoast",
  },
  {
    "name": "BetBoom Team",
    "url": "https://liquipedia.net/dota2/BetBoom_Team",
  },
  {
    "name": "BOOM Esports",
    "url": "https://liquipedia.net/dota2/BOOM_Esports",
  },
  {
    "name": "Brame",
    "url": "https://liquipedia.net/dota2/Brame",
  },
  {
    "name": "CDEC Gaming",
    "url": "https://liquipedia.net/dota2/CDEC_Gaming",
  },
  {
    "name": "cybercats",
    "url": "https://liquipedia.net/dota2/Cybercats",
  },
  {
    "name": "Dandelion Esport Club",
    "url": "https://liquipedia.net/dota2/Dandelion_Esport_Club",
  },
  {
    "name": "Dreamers Esports",
    "url": "https://liquipedia.net/dota2/Dreamers_Esports",
  },
  {
    "name": "EHOME",
    "url": "https://liquipedia.net/dota2/EHOME",
  },
  {
    "name": "Entity",
    "url": "https://liquipedia.net/dota2/Entity",
  },
  {
    "name": "Evil Geniuses",
    "url": "https://liquipedia.net/dota2/Evil_Geniuses",
  },
  {
    "name": "Execration",
    "url": "https://liquipedia.net/dota2/Execration",
  },
  {
    "name": "felt",
    "url": "https://liquipedia.net/dota2/Felt",
  },
  {
    "name": "Fnatic",
    "url": "https://liquipedia.net/dota2/Fnatic",
  },
  {
    "name": "Gaimin Gladiators",
    "url": "https://liquipedia.net/dota2/Gaimin_Gladiators",
  },
  {
    "name": "goonsquad",
    "url": "https://liquipedia.net/dota2/Goonsquad",
  },
  {
    "name": "Gorillaz-Pride",
    "url": "https://liquipedia.net/dota2/Gorillaz-Pride",
  },
  {
    "name": "HellRaisers",
    "url": "https://liquipedia.net/dota2/HellRaisers",
  },
  {
    "name": "Hokori",
    "url": "https://liquipedia.net/dota2/Hokori",
  },
  {
    "name": "HYDRA",
    "url": "https://liquipedia.net/dota2/HYDRA",
  },
  {
    "name": "iG Vitality",
    "url": "https://liquipedia.net/dota2/IG_Vitality",
  },
  {
    "name": "Infamous",
    "url": "https://liquipedia.net/dota2/Infamous",
  },
  {
    "name": "Infinity",
    "url": "https://liquipedia.net/dota2/Infinity",
  },
  {
    "name": "Into The Breach",
    "url": "https://liquipedia.net/dota2/Into_The_Breach",
  },
  {
    "name": "Invictus Gaming",
    "url": "https://liquipedia.net/dota2/Invictus_Gaming",
  },
  {
    "name": "IVY",
    "url": "https://liquipedia.net/dota2/IVY",
  },
  {
    "name": "jfshfh178",
    "url": "https://liquipedia.net/dota2/Jfshfh178",
  },
  {
    "name": "KBU.US",
    "url": "https://liquipedia.net/dota2/KBU.US",
  },
  {
    "name": "Lava",
    "url": "https://liquipedia.net/dota2/Lava",
  },
  {
    "name": "LBZS",
    "url": "https://liquipedia.net/dota2/LBZS",
  },
  {
    "name": "Lilgun",
    "url": "https://liquipedia.net/dota2/Lilgun",
  },
  {
    "name": "Mad Kings",
    "url": "https://liquipedia.net/dota2/Mad_Kings",
  },
  {
    "name": "Mind Games",
    "url": "https://liquipedia.net/dota2/Mind_Games",
  },
  {
    "name": "Natus Vincere",
    "url": "https://liquipedia.net/dota2/Natus_Vincere",
  },
  {
    "name": "Nemiga Gaming",
    "url": "https://liquipedia.net/dota2/Nemiga_Gaming",
  },
  {
    "name": "Neon Esports",
    "url": "https://liquipedia.net/dota2/Neon_Esports",
  },
  {
    "name": "Nigma Galaxy",
    "url": "https://liquipedia.net/dota2/Nigma_Galaxy",
  },
  {
    "name": "Nigma Galaxy SEA",
    "url": "https://liquipedia.net/dota2/Nigma_Galaxy_SEA",
  },
  {
    "name": "NoPing e-sports",
    "url": "https://liquipedia.net/dota2/NoPing_e-sports",
  },
  {
    "name": "nouns",
    "url": "https://liquipedia.net/dota2/Nouns",
  },
  {
    "name": "OG",
    "url": "https://liquipedia.net/dota2/OG",
  },
  {
    "name": "Omega Gaming",
    "url": "https://liquipedia.net/dota2/Omega_Gaming",
  },
  {
    "name": "One Move",
    "url": "https://liquipedia.net/dota2/One_Move",
  },
  {
    "name": "Outsiders",
    "url": "https://liquipedia.net/dota2/Outsiders",
  },
  {
    "name": "Pari Parni",
    "url": "https://liquipedia.net/dota2/Pari_Parni",
  },
  {
    "name": "Pavaga Gaming",
    "url": "https://liquipedia.net/dota2/Pavaga_Gaming",
  },
  {
    "name": "Polaris Esports",
    "url": "https://liquipedia.net/dota2/Polaris_Esports",
  },
  {
    "name": "PSG.LGD",
    "url": "https://liquipedia.net/dota2/PSG.LGD",
  },
  {
    "name": "PuckChamp",
    "url": "https://liquipedia.net/dota2/PuckChamp_(Russian_team)",
  },
  {
    "name": "Royal Never Give Up",
    "url": "https://liquipedia.net/dota2/Royal_Never_Give_Up",
  },
  {
    "name": "RSG",
    "url": "https://liquipedia.net/dota2/RSG",
  },
  {
    "name": "SG esports",
    "url": "https://liquipedia.net/dota2/SG_esports",
  },
  {
    "name": "ShenZhen",
    "url": "https://liquipedia.net/dota2/ShenZhen",
  },
  {
    "name": "simply TOOBASED",
    "url": "https://liquipedia.net/dota2/Simply_TOOBASED",
  },
  {
    "name": "Soniqs",
    "url": "https://liquipedia.net/dota2/Soniqs",
  },
  {
    "name": "Sparking Arrow Gaming",
    "url": "https://liquipedia.net/dota2/Sparking_Arrow_Gaming",
  },
  {
    "name": "T1",
    "url": "https://liquipedia.net/dota2/T1",
  },
  {
    "name": "Talon Esports",
    "url": "https://liquipedia.net/dota2/Talon_Esports",
  },
  {
    "name": "Team Aster",
    "url": "https://liquipedia.net/dota2/Team_Aster",
  },
  {
    "name": "Team Bald Reborn",
    "url": "https://liquipedia.net/dota2/Team_Bald_Reborn",
  },
  {
    "name": "Team DogChamp",
    "url": "https://liquipedia.net/dota2/Team_DogChamp",
  },
  {
    "name": "Team Liquid",
    "url": "https://liquipedia.net/dota2/Team_Liquid",
  },
  {
    "name": "Team MagMa",
    "url": "https://liquipedia.net/dota2/Team_MagMa",
  },
  {
    "name": "Team Secret",
    "url": "https://liquipedia.net/dota2/Team_Secret",
  },
  {
    "name": "Team SMG",
    "url": "https://liquipedia.net/dota2/Team_SMG",
  },
  {
    "name": "Team Unique",
    "url": "https://liquipedia.net/dota2/Team_Unique",
  },
  {
    "name": "Tempest",
    "url": "https://liquipedia.net/dota2/Tempest_(South_American_team)",
  },
  {
    "name": "The Cut",
    "url": "https://liquipedia.net/dota2/The_Cut",
  },
  {
    "name": "Thunder Awaken",
    "url": "https://liquipedia.net/dota2/Thunder_Awaken",
  },
  {
    "name": "TNC Predator",
    "url": "https://liquipedia.net/dota2/TNC_Predator",
  },
  {
    "name": "TSM",
    "url": "https://liquipedia.net/dota2/TSM",
  },
  {
    "name": "Tundra Esports",
    "url": "https://liquipedia.net/dota2/Tundra_Esports",
  },
  {
    "name": "Vici Gaming",
    "url": "https://liquipedia.net/dota2/Vici_Gaming",
  },
  {
    "name": "Vicious Gaming",
    "url": "https://liquipedia.net/dota2/Vicious_Gaming",
  },
  {
    "name": "Virtus.pro",
    "url": "https://liquipedia.net/dota2/Virtus.pro",
  },
  {
    "name": "Wildcard Gaming",
    "url": "https://liquipedia.net/dota2/Wildcard_Gaming",
  },
  {
    "name": "Wolf Team",
    "url": "https://liquipedia.net/dota2/Wolf_Team",
  },
  {
    "name": "Xtreme Gaming",
    "url": "https://liquipedia.net/dota2/Xtreme_Gaming_(Chinese_team)",
  },
  {
    "name": "Yangon Galacticos",
    "url": "https://liquipedia.net/dota2/Yangon_Galacticos",
  },
  {
    "name": "Ybb Gaming",
    "url": "https://liquipedia.net/dota2/Ybb_Gaming",
  },
]
`;
