// Vitest Snapshot v1

exports[`parseTeamsPage > correctly parses the body 1`] = `
[
  "5ManMidas",
  "5RATFORCESTAFF",
  "Alliance",
  "Arkosh Gaming",
  "Army Geniuses",
  "Aster.Aries",
  "Balrogs",
  "beastcoast",
  "BetBoom Team",
  "BOOM Esports",
  "Brame",
  "CDEC Gaming",
  "cybercats",
  "Dandelion Esport Club",
  "Dreamers Esports",
  "EHOME",
  "Entity",
  "Evil Geniuses",
  "Execration",
  "felt",
  "Fnatic",
  "Gaimin Gladiators",
  "goonsquad",
  "Gorillaz-Pride",
  "HellRaisers",
  "Hokori",
  "HYDRA",
  "iG Vitality",
  "Infamous",
  "Infinity",
  "Into The Breach",
  "Invictus Gaming",
  "IVY",
  "jfshfh178",
  "KBU.US",
  "Lava",
  "LBZS",
  "Lilgun",
  "Mad Kings",
  "Mind Games",
  "Natus Vincere",
  "Nemiga Gaming",
  "Neon Esports",
  "Nigma Galaxy",
  "Nigma Galaxy SEA",
  "NoPing e-sports",
  "nouns",
  "OG",
  "Omega Gaming",
  "One Move",
  "Outsiders",
  "Pari Parni",
  "Pavaga Gaming",
  "Polaris Esports",
  "PSG.LGD",
  "PuckChamp",
  "Royal Never Give Up",
  "RSG",
  "SG esports",
  "ShenZhen",
  "simply TOOBASED",
  "Soniqs",
  "Sparking Arrow Gaming",
  "T1",
  "Talon Esports",
  "Team Aster",
  "Team Bald Reborn",
  "Team DogChamp",
  "Team Liquid",
  "Team MagMa",
  "Team Secret",
  "Team SMG",
  "Team Unique",
  "Tempest",
  "The Cut",
  "Thunder Awaken",
  "TNC Predator",
  "TSM",
  "Tundra Esports",
  "Vici Gaming",
  "Vicious Gaming",
  "Virtus.pro",
  "Wildcard Gaming",
  "Wolf Team",
  "Xtreme Gaming",
  "Yangon Galacticos",
  "Ybb Gaming",
]
`;
