// Vitest Snapshot v1

exports[`notifier > sends messages to channels 2`] = `
{
  "color": 10038562,
  "fields": [
    {
      "name": "**Team Liquid** _vs_ **Nigma Galaxy**",
      "value": "Bo2 @<t:1577847600:t> (<t:1577847600:R>)
",
    },
    {
      "name": "**Nigma Galaxy** _vs_ **OG**",
      "value": "Bo2 @<t:1577880000:t> (<t:1577880000:R>)
",
    },
  ],
  "footer": {
    "icon_url": "https://liquipedia.net/commons/extensions/TeamLiquidIntegration/resources/pagelogo/liquipedia_icon_menu.png",
    "text": "Data provided by Liquipedia",
  },
  "thumbnail": {
    "url": "https://f003.backblazeb2.com/file/bq-files/2022/07/point.webp",
  },
  "title": "Today's matches!",
  "url": "https://liquipedia.net/dota2/Liquipedia:Upcoming_and_ongoing_matches",
}
`;
