// Vitest Snapshot v1

exports[`formatMatchToMessageLine > should format matches correctly 0 1`] = `
"**Gaimin Gladiators** vs **Brame**
@<t:1659279600:t> (<t:1659279600:R>)"
`;

exports[`formatMatchToMessageLine > should format matches correctly 1 1`] = `
"**TSM** vs **Quincy Crew**
@<t:1659303000:t> (<t:1659303000:R>)"
`;

exports[`formatMatchToMessageLine > should format matches correctly 2 1`] = `
"**Fnatic** vs **OG**
@<t:1659625200:t> (<t:1659625200:R>)
https://www.twitch.tv/PGL_Dota2_EN3"
`;
