// Vitest Snapshot v1, https://vitest.dev/guide/snapshot.html

exports[`parseMatchesPage > correctly parses the body 1`] = `
[
  {
    "hash": "246733d43a6cdeefd6c599dc97dd282442f17d714d2adda99aafe3560d3ba2eb",
    "id": "Vx9d4v00PV:R02-M001",
    "leagueName": "EWC 2026 - Playoffs",
    "leagueUrl": "https://liquipedia.net/dota2/Esports_World_Cup/2026#Playoffs",
    "matchType": "Bo3",
    "startsAt": "2026-07-18T11:00:00Z",
    "streamUrl": "https://liquipedia.net/dota2/Special:Stream/twitch/EWC_LegionGauntlet_EN",
    "teams": [
      {
        "name": "BB Team",
        "url": "https://liquipedia.net/dota2/BB_Team",
      },
      {
        "name": "Vici Gaming",
        "url": "https://liquipedia.net/dota2/Vici_Gaming",
      },
    ],
  },
  {
    "hash": "c79a016e64692a1bf39afc1b9f764fdc15b3a04f7dccaa40ca42705304fb3017",
    "id": "Vx9d4v00PV:R02-M002",
    "leagueName": "EWC 2026 - Playoffs",
    "leagueUrl": "https://liquipedia.net/dota2/Esports_World_Cup/2026#Playoffs",
    "matchType": "Bo3",
    "startsAt": "2026-07-18T14:30:00Z",
    "streamUrl": null,
    "teams": [
      {
        "name": "Team Yandex",
        "url": "https://liquipedia.net/dota2/Team_Yandex",
      },
      {
        "name": "PVISION",
        "url": "https://liquipedia.net/dota2/PVISION",
      },
    ],
  },
  {
    "hash": "e4a9880636b16f5d70bdc8c6194ac38d8d91612afba88036af9f98421c404e1e",
    "id": "Vx9d4v00PV:RxMTP",
    "leagueName": "EWC 2026 - Playoffs",
    "leagueUrl": "https://liquipedia.net/dota2/Esports_World_Cup/2026#Playoffs",
    "matchType": "Bo3",
    "startsAt": "2026-07-19T10:00:00Z",
    "streamUrl": null,
    "teams": [
      {
        "name": "TBD",
        "url": null,
      },
      {
        "name": "TBD",
        "url": null,
      },
    ],
  },
  {
    "hash": "47271d72ef7e3dc0ada3c531b0ae33c4b052d649abb83ed674b5808b7a58b102",
    "id": "Vx9d4v00PV:R03-M001",
    "leagueName": "EWC 2026 - Playoffs",
    "leagueUrl": "https://liquipedia.net/dota2/Esports_World_Cup/2026#Playoffs",
    "matchType": "Bo5",
    "startsAt": "2026-07-19T13:30:00Z",
    "streamUrl": null,
    "teams": [
      {
        "name": "TBD",
        "url": null,
      },
      {
        "name": "TBD",
        "url": null,
      },
    ],
  },
  {
    "hash": "5f8f2dcb97d3b18ae749556d4af2492cbe56fa84c914a8f5b2a9525cdbe0e1bf",
    "id": "NnV02jmwdA:0001",
    "leagueName": "EPL Masters I: Play-In - July 20",
    "leagueUrl": "https://liquipedia.net/dota2/EPL/Masters/1/Play-In#July_20",
    "matchType": "Bo3",
    "startsAt": "2026-07-20T07:00:00Z",
    "streamUrl": null,
    "teams": [
      {
        "name": "Team Nemesis",
        "url": "https://liquipedia.net/dota2/Team_Nemesis",
      },
      {
        "name": "Team Lynx",
        "url": "https://liquipedia.net/dota2/Team_Lynx",
      },
    ],
  },
  {
    "hash": "edd874d3539cffe98561a9454b9b53800885c4e6fc0030c0dab9ea8f9eafe7d1",
    "id": "NnV02jmwdA:0002",
    "leagueName": "EPL Masters I: Play-In - July 20",
    "leagueUrl": "https://liquipedia.net/dota2/EPL/Masters/1/Play-In#July_20",
    "matchType": "Bo3",
    "startsAt": "2026-07-20T10:00:00Z",
    "streamUrl": null,
    "teams": [
      {
        "name": "Team Lynx",
        "url": "https://liquipedia.net/dota2/Team_Lynx",
      },
      {
        "name": "PuckChamp",
        "url": "https://liquipedia.net/dota2/PuckChamp",
      },
    ],
  },
  {
    "hash": "4318b46c2027e96cb2c37b9e1ea2bdb9ca994ec13bcdac5624ad43896589fc02",
    "id": "NnV02jmwdA:0003",
    "leagueName": "EPL Masters I: Play-In - July 20",
    "leagueUrl": "https://liquipedia.net/dota2/EPL/Masters/1/Play-In#July_20",
    "matchType": "Bo3",
    "startsAt": "2026-07-20T13:00:00Z",
    "streamUrl": null,
    "teams": [
      {
        "name": "Zero Tenacity",
        "url": "https://liquipedia.net/dota2/Zero_Tenacity",
      },
      {
        "name": "Nemiga Gaming",
        "url": "https://liquipedia.net/dota2/Nemiga_Gaming",
      },
    ],
  },
  {
    "hash": "a4b1a1fe33ed16b9a6ec9f75624985abab84c3959b6d8ddb6a55b15ded28d961",
    "id": "NnV02jmwdA:0004",
    "leagueName": "EPL Masters I: Play-In - July 20",
    "leagueUrl": "https://liquipedia.net/dota2/EPL/Masters/1/Play-In#July_20",
    "matchType": "Bo3",
    "startsAt": "2026-07-20T16:00:00Z",
    "streamUrl": null,
    "teams": [
      {
        "name": "Team Spirit Academy (page does not exist)",
        "url": "https://liquipedia.net/dota2/Team_Spirit_Academy",
      },
      {
        "name": "Team Jenz (page does not exist)",
        "url": "https://liquipedia.net/dota2/Team_Jenz",
      },
    ],
  },
  {
    "hash": "960a1bf3ea3b5d00008ea75ca5c803e746b639a901918d1d186bfcfed77cf6c3",
    "id": "NnV02jmwdA:0005",
    "leagueName": "EPL Masters I: Play-In - July 20",
    "leagueUrl": "https://liquipedia.net/dota2/EPL/Masters/1/Play-In#July_20",
    "matchType": "Bo3",
    "startsAt": "2026-07-20T19:00:00Z",
    "streamUrl": null,
    "teams": [
      {
        "name": "Level UP",
        "url": "https://liquipedia.net/dota2/Level_UP",
      },
      {
        "name": "Ilbirs eSports (page does not exist)",
        "url": "https://liquipedia.net/dota2/Ilbirs_eSports",
      },
    ],
  },
  {
    "hash": "914127993a198ccc012dd7ac64776b44b0075601c91583b8c12113baed37459c",
    "id": "NnV02jmwdB:0001",
    "leagueName": "EPL Masters I: Play-In - July 21",
    "leagueUrl": "https://liquipedia.net/dota2/EPL/Masters/1/Play-In#July_21",
    "matchType": "Bo3",
    "startsAt": "2026-07-21T07:00:00Z",
    "streamUrl": null,
    "teams": [
      {
        "name": "Nemiga Gaming",
        "url": "https://liquipedia.net/dota2/Nemiga_Gaming",
      },
      {
        "name": "Execration",
        "url": "https://liquipedia.net/dota2/Execration",
      },
    ],
  },
]
`;
